<p>From intermediate.</p><p>Example local A.
</p><p>Example local B.
</p>