./plugins/pug/generated/plugins/other-plugin/generated/example-template.html
