<p>From src.</p><p>Example local A.
</p><p>Example local B.
</p>